src/components/SecureGate.tsx(2,16): error TS6133: 'Unlock' is declared but its value is never read.
src/components/SecureGate.tsx(2,24): error TS6133: 'ArrowRight' is declared but its value is never read.
src/components/SecureGate.tsx(3,1): error TS6133: 'Button' is declared but its value is never read.
src/features/editor/EditorLayout.tsx(18,20): error TS2339: Property 'dispatch' does not exist on type 'AppStoreContextType'.
src/features/editor/EditorLayout.tsx(61,13): error TS2322: Type '{ type: "text"; content: string; fontSize: number; fontFamily?: string | undefined; fontWeight?: string | number | undefined; fontStyle?: string | undefined; textAlign?: "left" | "center" | "right" | undefined; ... 14 more ...; hidden?: boolean | undefined; } | ... 7 more ... | { ...; }' is not assignable to type 'SceneElement'.
  Type '{ type: "text" | "image"; sourceType?: "custom" | "phoneA" | "phoneB" | undefined; customImageId?: string | undefined; fit?: "contain" | "cover" | "fill" | undefined; crop?: { x: number; y: number; width: number; height: number; } | undefined; ... 22 more ...; padding?: number; }' is not assignable to type 'SceneElement'.
    Type '{ type: "text" | "image"; sourceType?: "custom" | "phoneA" | "phoneB" | undefined; customImageId?: string | undefined; fit?: "contain" | "cover" | "fill" | undefined; crop?: { x: number; y: number; width: number; height: number; } | undefined; ... 22 more ...; padding?: number; }' is not assignable to type 'SceneTextElement | SceneImageElement'.
      Type '{ type: "text" | "image"; sourceType?: "custom" | "phoneA" | "phoneB" | undefined; customImageId?: string | undefined; fit?: "contain" | "cover" | "fill" | undefined; crop?: { x: number; y: number; width: number; height: number; } | undefined; ... 22 more ...; padding?: number; }' is not assignable to type 'SceneTextElement'.
        Types of property 'type' are incompatible.
          Type '"text" | "image"' is not assignable to type '"text"'.
            Type '"image"' is not assignable to type '"text"'.
src/features/editor/PropertiesPanel.tsx(2,1): error TS6133: 'cn' is declared but its value is never read.
src/features/editor/SceneStage.tsx(1,18): error TS6133: 'useState' is declared but its value is never read.
src/features/editor/SceneStage.tsx(44,34): error TS6133: 'e' is declared but its value is never read.
src/features/editor/SceneStage.tsx(47,36): error TS6133: 'e' is declared but its value is never read.
src/features/editor/SceneStage.tsx(47,39): error TS6133: 'direction' is declared but its value is never read.
src/features/editor/SceneStage.tsx(47,55): error TS6133: 'delta' is declared but its value is never read.
src/features/export/ExportModal.tsx(3,19): error TS6133: 'ProjectExportSettings' is declared but its value is never read.
src/features/export/ExportModal.tsx(5,23): error TS6133: 'Loader2' is declared but its value is never read.
src/features/export/ExportModal.tsx(128,33): error TS2322: Type '"ghost"' is not assignable to type '"primary" | "secondary" | "danger" | undefined'.
src/features/export/FFmpegService.ts(1,24): error TS7016: Could not find a declaration file for module '@ffmpeg/ffmpeg'. 'C:/Users/Hp/Documents/projects/2026 projects/mcps/node_modules/@ffmpeg/ffmpeg/dist/esm/index.js' implicitly has an 'any' type.
  Try `npm i --save-dev @types/ffmpeg__ffmpeg` if it exists or add a new declaration (.d.ts) file containing `declare module '@ffmpeg/ffmpeg';`
src/features/renderer/renderSceneToCanvas.ts(1,33): error TS6133: 'SceneElement' is declared but its value is never read.
src/features/renderer/renderSceneToCanvas.ts(15,39): error TS6133: 'project' is declared but its value is never read.
src/features/renderer/renderSceneToCanvas.ts(37,81): error TS6133: 'timeMs' is declared but its value is never read.
src/features/renderer/renderSceneToCanvas.ts(37,89): error TS6133: 'fps' is declared but its value is never read.
src/features/renderer/renderSceneToCanvas.ts(77,15): error TS6133: 'scaleX' is declared but its value is never read.
src/features/renderer/renderSceneToCanvas.ts(78,15): error TS6133: 'scaleY' is declared but its value is never read.
src/features/renderer/renderSceneToCanvas.ts(136,49): error TS6133: 'reject' is declared but its value is never read.
src/features/renderer/renderSceneToCanvas.ts(182,156): error TS6133: 'objectPositionKey' is declared but its value is never read.
